// Jest Snapshot v1, https://goo.gl/fbAQLP

exports[`<Message /> render correctly 1`] = `"<div class=\\"Message\\"><span>author</span><span class=\\"Text\\">test message</span></div>"`;
